<html>
<body>
<pre>
<h1>礦ision Build Log</h1>
<h2>Tool Versions:</h2>
IDE-Version: μVision V5.15
Copyright (C) 2015 ARM Ltd and ARM Germany GmbH. All rights reserved.
License Information:  ,  , LIC=8MZAR-KH98X-XBDEC-7DFPD-XBRKQ-TJE0X
 
Tool Versions:
Toolchain:       MDK-ARM Professional  Version: 5.15.0
Toolchain Path:  D:\Keil_v5\ARM\ARMCC\Bin
C Compiler:      Armcc.exe V5.05 update 2 (build 169)
Assembler:       Armasm.exe V5.05 update 2 (build 169)
Linker/Locator:  ArmLink.exe V5.05 update 2 (build 169)
Library Manager: ArmAr.exe V5.05 update 2 (build 169)
Hex Converter:   FromElf.exe V5.05 update 2 (build 169)
CPU DLL:         SARMCM3.DLL V5.15.0
Dialog DLL:      DARMSTM.DLL V1.65.0.0
Target DLL:      Segger\JL2CM3.dll V2.99.15.0
Dialog DLL:      TARMSTM.DLL V1.64.0.0
 
<h2>Project:</h2>
C:\Users\51452\Desktop\3-TIM—通用定时器-输入捕获-测量脉冲宽度\Project\RVMDK（uv5）\BH-F103.uvprojx
Project File Date:  07/29/2019

<h2>Output:</h2>
*** Using Compiler 'V5.05 update 2 (build 169)', folder: 'D:\Keil_v5\ARM\ARMCC\Bin'
Build target 'TIM—通用-捕获-测量脉宽'
compiling main.c...
..\..\User\main.c(35): warning:  #177-D: variable "time" was declared but never referenced
        uint32_t time;
..\..\User\main.c(39): warning:  #177-D: variable "TIM_PscCLK" was declared but never referenced
        uint32_t TIM_PscCLK = 72000000 / (GENERAL_TIM_PSC+1);
..\..\User\main.c: 2 warnings, 0 errors
linking...
Program Size: Code=8796 RO-data=336 RW-data=44 ZI-data=1028  
FromELF: creating hex file...
"..\..\Output\TIM—通用-捕获-测量脉宽.axf" - 0 Error(s), 2 Warning(s).

<h2>Collection of Component include folders:</h2>
  C:\Users\51452\Desktop\3-TIM—通用定时器-输入捕获-测量脉冲宽度\Project\RVMDK（uv5）\RTE
  D:\Keil_v5\ARM\PACK\Keil\STM32F1xx_DFP\1.1.0\Device\Include

<h2>Collection of Component Files used:</h2>
</pre>
</body>
</html>
